[troy6593.wixsite.com/kbtj-consulting.html]
[static.parastorage.com/unpkg/core-js-bundle@3.2.1/minified.js]
[static.parastorage.com/unpkg/focus-within-polyfill@5.0.9/dist/focus-within-polyfill.js]
[backblue.gif]
[fade.gif]
[index.html]
[polyfill.io/v3/polyfill.mind82c.js]
[browser.sentry-cdn.com/6.18.2/bundle.min.js]
[troy6593.wixsite.com/decodeURIComponent(e]
[troy6593.wixsite.com/sitemap.xml]
[troy6593.wixsite.com/feed.xml]
[static.parastorage.com/services/wix-thunderbolt/dist/thunderbolt-commons.7de00977.bundle.min.js]
[troy6593.wixsite.com/index.html]
[static.parastorage.com/services/wix-thunderbolt/dist/main.e5a617cd.bundle.min.js]
[static.parastorage.com/services/wix-thunderbolt/dist/openPerformanceTool.213256b0.bundle.min.js]
[static.parastorage.com/unpkg/lodash@4.17.21/lodash.min.js]
[static.parastorage.com/unpkg/react@16.14.0/umd/react.production.min.js]
[static.parastorage.com/services/tag-manager-client/1.693.0/siteTags.bundle.min.js]
[static.parastorage.com/services/wix-perf-measure/1.1044.0/wix-perf-measure.bundle.min.js]
[static.parastorage.com/unpkg/react-dom@16.14.0/umd/react-dom.production.min.js]
[static.parastorage.com/services/editor-elements-library/dist/thunderbolt/media/sloppyframe.d6793e19.png]
[troy6593.wixsite.com/28073b9b.min.css]
[troy6593.wixsite.com/5827dd21.min.css]
[troy6593.wixsite.com/67aa2373.min.css]
[troy6593.wixsite.com/72f3a86c.min.css]
[troy6593.wixsite.com/38b11c8b.min.css]
[troy6593.wixsite.com/ad9dbfcd.min.css]
[troy6593.wixsite.com/486d49c6.min.css]
[troy6593.wixsite.com/857d2271.chunk.min.js]
[troy6593.wixsite.com/e41c3356.chunk.min.js]
[troy6593.wixsite.com/874307cc.chunk.min.js]
[troy6593.wixsite.com/rb_wixui.thunderbolt_common-site-members-dialogs.cf5fe8ef.chunk.min.js]
[troy6593.wixsite.com/rb_wixui.thunderbolt_bootstrap.46a319d7.chunk.min.css]
[troy6593.wixsite.com/rb_wixui.thunderbolt_bootstrap.857d2271.chunk.min.js]
[troy6593.wixsite.com/rb_wixui.thunderbolt_bootstrap-classic.338206b6.chunk.min.css]
[troy6593.wixsite.com/rb_wixui.thunderbolt_bootstrap-classic.e41c3356.chunk.min.js]
[troy6593.wixsite.com/rb_wixui.thunderbolt_bootstrap-responsive.71411152.chunk.min.css]
[troy6593.wixsite.com/rb_wixui.thunderbolt_bootstrap-responsive.874307cc.chunk.min.js]
[troy6593.wixsite.com/kbtj-consulting/blank-1.html]
[static.wixstatic.com/media/11062b_6694be830cd1452ba1d012dc3593e29e_mv2.jpg/v1/fill/w_147,h_98,al_c,q_80,usm_0.66_1.00_0.01,blur_2,enc_auto/11062b_6694be830cd1452ba1d012dc3593e29e_mv2.jpg]
[static.wixstatic.com/media/11062b_4318e84fec3b4a5689b86e1121f151f9_mv2.jpeg/v1/fill/w_50,h_33,al_c,q_80,usm_0.66_1.00_0.01,blur_3,enc_auto/11062b_4318e84fec3b4a5689b86e1121f151f9_mv2.jpg]
[troy6593.wixsite.com/kbtj-consulting/book-online.html]
[static.wixstatic.com/media/11062b_dd38548231d544e487e49bd50760c3b4_mv2.jpg/v1/fill/w_116,h_76,al_c,q_80,usm_0.66_1.00_0.01,blur_2,enc_auto/11062b_dd38548231d544e487e49bd50760c3b4_mv2.jpg]
[static.wixstatic.com/media/1ae1fa3c94da44ed90f789433558d966.png/v1/fill/w_22,h_22,al_c,q_85,usm_0.66_1.00_0.01,blur_2,enc_auto/Client 1.png]
[static.wixstatic.com/media/175d9a096f174d819f80b533069116cb.png/v1/fill/w_22,h_22,al_c,q_85,usm_0.66_1.00_0.01,blur_2,enc_auto/Client 7.png]
[static.wixstatic.com/media/64453492563a4dd4a6fff4dd901e6040.png/v1/fill/w_22,h_22,al_c,q_85,usm_0.66_1.00_0.01,blur_2,enc_auto/Client 8.png]
[troy6593.wixsite.com/kbtj-consulting.html]
[troy6593.wixsite.com/decodeURIComponent(e.html]
[troy6593.wixsite.com/sitemap.html]
[troy6593.wixsite.com/feed.html]
[troy6593.wixsite.com/index.html]
[troy6593.wixsite.com/28073b9b.min.html]
[troy6593.wixsite.com/5827dd21.min.html]
[troy6593.wixsite.com/67aa2373.min.html]
[troy6593.wixsite.com/72f3a86c.min.html]
[troy6593.wixsite.com/38b11c8b.min.html]
[troy6593.wixsite.com/ad9dbfcd.min.html]
[troy6593.wixsite.com/486d49c6.min.html]
[troy6593.wixsite.com/857d2271.chunk.min.html]
[troy6593.wixsite.com/e41c3356.chunk.min.html]
[troy6593.wixsite.com/874307cc.chunk.min.html]
[troy6593.wixsite.com/rb_wixui.thunderbolt_common-site-members-dialogs.cf5fe8ef.chunk.min.html]
[troy6593.wixsite.com/rb_wixui.thunderbolt_bootstrap.46a319d7.chunk.min.html]
[troy6593.wixsite.com/rb_wixui.thunderbolt_bootstrap.857d2271.chunk.min.html]
[troy6593.wixsite.com/rb_wixui.thunderbolt_bootstrap-classic.338206b6.chunk.min.html]
[troy6593.wixsite.com/rb_wixui.thunderbolt_bootstrap-classic.e41c3356.chunk.min.html]
[troy6593.wixsite.com/rb_wixui.thunderbolt_bootstrap-responsive.71411152.chunk.min.html]
[troy6593.wixsite.com/rb_wixui.thunderbolt_bootstrap-responsive.874307cc.chunk.min.html]
[troy6593.wixsite.com/kbtj-consulting/decodeURIComponent(e]
[troy6593.wixsite.com/kbtj-consulting/service-page/introductory-consultation.html]
[troy6593.wixsite.com/kbtj-consulting/robots.txt]
[troy6593.wixsite.com/kbtj-consulting/sitemap.xml]
[troy6593.wixsite.com/kbtj-consulting/feed.xml]
[static.parastorage.com/services/wix-thunderbolt/dist/ab-test-compilation/thunderbolt-commons.7743bb2d.bundle.min.js]
[static.parastorage.com/services/wix-thunderbolt/dist/ab-test-compilation/main.4e22dccc.bundle.min.js]
[static.parastorage.com/services/wix-thunderbolt/dist/ab-test-compilation/openPerformanceTool.2e00d52f.bundle.min.js]
[troy6593.wixsite.com/kbtj-consulting/5827dd21.min.css]
[troy6593.wixsite.com/kbtj-consulting/72f3a86c.min.css]
[troy6593.wixsite.com/kbtj-consulting/ad9dbfcd.min.css]
[troy6593.wixsite.com/kbtj-consulting/857d2271.chunk.min.js]
[troy6593.wixsite.com/kbtj-consulting/e41c3356.chunk.min.js]
[troy6593.wixsite.com/kbtj-consulting/874307cc.chunk.min.js]
[troy6593.wixsite.com/kbtj-consulting/rb_wixui.thunderbolt_common-site-members-dialogs.cf5fe8ef.chunk.min.js]
[troy6593.wixsite.com/kbtj-consulting/rb_wixui.thunderbolt_bootstrap.46a319d7.chunk.min.css]
[troy6593.wixsite.com/kbtj-consulting/rb_wixui.thunderbolt_bootstrap.857d2271.chunk.min.js]
[troy6593.wixsite.com/kbtj-consulting/rb_wixui.thunderbolt_bootstrap-classic.338206b6.chunk.min.css]
[troy6593.wixsite.com/kbtj-consulting/rb_wixui.thunderbolt_bootstrap-classic.e41c3356.chunk.min.js]
[troy6593.wixsite.com/kbtj-consulting/rb_wixui.thunderbolt_bootstrap-responsive.71411152.chunk.min.css]
[troy6593.wixsite.com/kbtj-consulting/rb_wixui.thunderbolt_bootstrap-responsive.874307cc.chunk.min.js]
[static.wixstatic.com/media/11062b_23038e254b914d11b792ca46e48b637f_mv2_d_5/v1/fill/w_4,h_3,al_c,q_80,usm_0.66_1.00_0.01,blur_3,enc/11062b_23038e254b914d11b792ca46e48b637f_mv2_d_5000_3333_s_4_2.jpg]
[static.wixstatic.com/media/11062b_df3f13d9ae37443c8866a8eb7e57b2d1_mv2_d_6/v1/fill/w_4,h_3,al_c,q_80,usm_0.66_1.00_0.01,blur_3,enc/11062b_df3f13d9ae37443c8866a8eb7e57b2d1_mv2_d_6612_4303_s_4_2.jpg]
[static.wixstatic.com/media/11062b_327f9b5f4eef4f398e164830a4aa6188_mv2.jpg/v1/fill/w_4,h_3,al_c,q_80,usm_0.66_1.00_0.01,blur_3,enc_auto/11062b_327f9b5f4eef4f398e164830a4aa6188_mv2.jpg]
[troy6593.wixsite.com/kbtj-consulting/blank-1.html]
[troy6593.wixsite.com/kbtj-consulting/book-online.html]
[troy6593.wixsite.com/kbtj-consulting/service-page/sitemap.44.delayed]
[troy6593.wixsite.com/kbtj-consulting/service-page/feed.xml]
[troy6593.wixsite.com/kbtj-consulting/service-page/decodeURIComponent(e.html]
[troy6593.wixsite.com/kbtj-consulting/service-page/robots.html]
[troy6593.wixsite.com/kbtj-consulting/service-page/72f3a86c.min.html]
[troy6593.wixsite.com/kbtj-consulting/service-page/857d2271.chunk.min.html]
[troy6593.wixsite.com/kbtj-consulting/service-page/e41c3356.chunk.min.html]
[troy6593.wixsite.com/kbtj-consulting/service-page/ad9dbfcd.min.html]
[troy6593.wixsite.com/kbtj-consulting/service-page/874307cc.chunk.min.html]
[troy6593.wixsite.com/kbtj-consulting/service-page/rb_wixui.thunderbolt_common-site-members-dialogs.cf5fe8ef.chunk.min.html]
[troy6593.wixsite.com/kbtj-consulting/service-page/rb_wixui.thunderbolt_bootstrap.857d2271.chunk.min.html]
[troy6593.wixsite.com/kbtj-consulting/service-page/rb_wixui.thunderbolt_bootstrap.46a319d7.chunk.min.html]
[troy6593.wixsite.com/kbtj-consulting/service-page/rb_wixui.thunderbolt_bootstrap-classic.e41c3356.chunk.min.html]
[troy6593.wixsite.com/kbtj-consulting/service-page/rb_wixui.thunderbolt_bootstrap-classic.338206b6.chunk.min.html]
[troy6593.wixsite.com/kbtj-consulting/service-page/rb_wixui.thunderbolt_bootstrap-responsive.71411152.chunk.min.html]
[troy6593.wixsite.com/kbtj-consulting/service-page/introductory-consultation.html]
[troy6593.wixsite.com/kbtj-consulting/decodeURIComponent(e.html]
[troy6593.wixsite.com/kbtj-consulting/robots.html]
[troy6593.wixsite.com/kbtj-consulting/feed.html]
[troy6593.wixsite.com/kbtj-consulting/5827dd21.min.html]
[troy6593.wixsite.com/kbtj-consulting/72f3a86c.min.html]
[troy6593.wixsite.com/kbtj-consulting/ad9dbfcd.min.html]
[troy6593.wixsite.com/kbtj-consulting/857d2271.chunk.min.html]
[troy6593.wixsite.com/kbtj-consulting/e41c3356.chunk.min.html]
[troy6593.wixsite.com/kbtj-consulting/874307cc.chunk.min.html]
[troy6593.wixsite.com/kbtj-consulting/rb_wixui.thunderbolt_common-site-members-dialogs.cf5fe8ef.chunk.min.html]
[troy6593.wixsite.com/kbtj-consulting/rb_wixui.thunderbolt_bootstrap.46a319d7.chunk.min.html]
[troy6593.wixsite.com/kbtj-consulting/rb_wixui.thunderbolt_bootstrap.857d2271.chunk.min.html]
[troy6593.wixsite.com/kbtj-consulting/rb_wixui.thunderbolt_bootstrap-classic.338206b6.chunk.min.html]
[troy6593.wixsite.com/kbtj-consulting/rb_wixui.thunderbolt_bootstrap-classic.e41c3356.chunk.min.html]
[troy6593.wixsite.com/kbtj-consulting/rb_wixui.thunderbolt_bootstrap-responsive.71411152.chunk.min.html]
[troy6593.wixsite.com/kbtj-consulting/rb_wixui.thunderbolt_bootstrap-responsive.874307cc.chunk.min.html]
[troy6593.wixsite.com/kbtj-consulting/service-page/decodeURIComponent(e.html]
[troy6593.wixsite.com/kbtj-consulting/service-page/robots.html]
[troy6593.wixsite.com/kbtj-consulting/service-page/sitemap.html]
[troy6593.wixsite.com/kbtj-consulting/service-page/feed.html]
[troy6593.wixsite.com/kbtj-consulting/service-page/72f3a86c.min.html]
[troy6593.wixsite.com/kbtj-consulting/service-page/ad9dbfcd.min.html]
[troy6593.wixsite.com/kbtj-consulting/service-page/857d2271.chunk.min.html]
[troy6593.wixsite.com/kbtj-consulting/service-page/e41c3356.chunk.min.html]
[troy6593.wixsite.com/kbtj-consulting/service-page/rb_wixui.thunderbolt_bootstrap-responsive.874307cc.chunk.min.html]
[troy6593.wixsite.com/kbtj-consulting/service-page/874307cc.chunk.min.html]
[troy6593.wixsite.com/kbtj-consulting/service-page/rb_wixui.thunderbolt_common-site-members-dialogs.cf5fe8ef.chunk.min.html]
[troy6593.wixsite.com/kbtj-consulting/service-page/rb_wixui.thunderbolt_bootstrap.46a319d7.chunk.min.html]
[troy6593.wixsite.com/kbtj-consulting/service-page/rb_wixui.thunderbolt_bootstrap.857d2271.chunk.min.html]
[troy6593.wixsite.com/kbtj-consulting/service-page/rb_wixui.thunderbolt_bootstrap-classic.338206b6.chunk.min.html]
[troy6593.wixsite.com/kbtj-consulting/service-page/rb_wixui.thunderbolt_bootstrap-classic.e41c3356.chunk.min.html]
[troy6593.wixsite.com/kbtj-consulting/service-page/rb_wixui.thunderbolt_bootstrap-responsive.71411152.chunk.min.html]
[troy6593.wixsite.com/kbtj-consulting/service-page/rb_wixui.thunderbolt_bootstrap-responsive.874307cc.chunk.min.html]
